patti@DESKTOP-H1UNS1E MINGW64 ~ (master)
$ cd documents

patti@DESKTOP-H1UNS1E MINGW64 ~/documents (master)
$ cd zoom

patti@DESKTOP-H1UNS1E MINGW64 ~/documents/zoom (master)
$ ls
classrepo1/  UCSD201806DATA3/  UCSD201806DATA31/

patti@DESKTOP-H1UNS1E MINGW64 ~/documents/zoom (master)
$ mkdir
mkdir: missing operand
Try 'mkdir --help' for more information.

patti@DESKTOP-H1UNS1E MINGW64 ~/documents/zoom (master)
$ mkdir test

patti@DESKTOP-H1UNS1E MINGW64 ~/documents/zoom (master)
$ cd test

patti@DESKTOP-H1UNS1E MINGW64 ~/documents/zoom/test (master)
$  git clone https://ucsd.bootcampcontent.com/UCSD-Coding-Bootcamp/UCSD201806DATA3
Cloning into 'UCSD201806DATA3'...
warning: redirecting to https://ucsd.bootcampcontent.com/UCSD-Coding-Bootcamp/UCSD201806DATA3.git/
remote: Counting objects: 2213, done.
remote: warning: suboptimal pack - out of memory
remote: Compressing objects: 100% (1101/1101), done.
remote: Total 2213 (delta 265), reused 1434 (delta 212)
Receiving objects: 100% (2213/2213), 221.72 MiB | 5.23 MiB/s, done.
Resolving deltas: 100% (382/382), done.
Checking out files: 100% (1241/1241), done.

patti@DESKTOP-H1UNS1E MINGW64 ~/documents/zoom/test (master)
$ cd ..

patti@DESKTOP-H1UNS1E MINGW64 ~/documents/zoom (master)
$ cd ..

patti@DESKTOP-H1UNS1E MINGW64 ~/documents (master)
$ cd gitpush

patti@DESKTOP-H1UNS1E MINGW64 ~/documents/gitpush (master)
$ ls
 Heroes/   PyBank/   PyPoll/   README.md  'test with chris.txt'

patti@DESKTOP-H1UNS1E MINGW64 ~/documents/gitpush (master)
$ git push
fatal: The current branch master has no upstream branch.
To push the current branch and set the remote as upstream, use

    git push --set-upstream origin master


patti@DESKTOP-H1UNS1E MINGW64 ~/documents/gitpush (master)
$ git push origin master
remote: Repository not found.
fatal: repository 'https://github.com/PAT-HURCOKER/GitPush.git/' not found

patti@DESKTOP-H1UNS1E MINGW64 ~/documents/gitpush (master)
$ git remote -v
origin  https://github.com/PAT-HURCOKER/GitPush.git (fetch)
origin  https://github.com/PAT-HURCOKER/GitPush.git (push)

patti@DESKTOP-H1UNS1E MINGW64 ~/documents/gitpush (master)
$ git remote set-url orgin https:https:
fatal: No such remote 'orgin'

patti@DESKTOP-H1UNS1E MINGW64 ~/documents/gitpush (master)
$ https:
bash: https:: command not found

patti@DESKTOP-H1UNS1E MINGW64 ~/documents/gitpush (master)
$ git remote set-url orgin https://github.com/PAT-HURLCOKER/GitPush.git
fatal: No such remote 'orgin'

patti@DESKTOP-H1UNS1E MINGW64 ~/documents/gitpush (master)
$ git remote set-url origin https://github.com/PAT-HURLCOKER/GitPush.git

patti@DESKTOP-H1UNS1E MINGW64 ~/documents/gitpush (master)
$ git push origin master
To https://github.com/PAT-HURLCOKER/GitPush.git
 ! [rejected]        master -> master (fetch first)
error: failed to push some refs to 'https://github.com/PAT-HURLCOKER/GitPush.git'
hint: Updates were rejected because the remote contains work that you do
hint: not have locally. This is usually caused by another repository pushing
hint: to the same ref. You may want to first integrate the remote changes
hint: (e.g., 'git pull ...') before pushing again.
hint: See the 'Note about fast-forwards' in 'git push --help' for details.

patti@DESKTOP-H1UNS1E MINGW64 ~/documents/gitpush (master)
$ git pull
warning: no common commits
remote: Counting objects: 20, done.
remote: Compressing objects: 100% (17/17), done.
remote: Total 20 (delta 0), reused 16 (delta 0), pack-reused 0
Unpacking objects: 100% (20/20), done.
From https://github.com/PAT-HURLCOKER/GitPush
 * [new branch]      master     -> origin/master
There is no tracking information for the current branch.
Please specify which branch you want to merge with.
See git-pull(1) for details.

    git pull <remote> <branch>

If you wish to set tracking information for this branch you can do so with:

    git branch --set-upstream-to=origin/<branch> master


patti@DESKTOP-H1UNS1E MINGW64 ~/documents/gitpush (master)
$ git push origin master
To https://github.com/PAT-HURLCOKER/GitPush.git
 ! [rejected]        master -> master (non-fast-forward)
error: failed to push some refs to 'https://github.com/PAT-HURLCOKER/GitPush.git'
hint: Updates were rejected because the tip of your current branch is behind
hint: its remote counterpart. Integrate the remote changes (e.g.
hint: 'git pull ...') before pushing again.
hint: See the 'Note about fast-forwards' in 'git push --help' for details.

patti@DESKTOP-H1UNS1E MINGW64 ~/documents/gitpush (master)
$ git pull
There is no tracking information for the current branch.
Please specify which branch you want to merge with.
See git-pull(1) for details.

    git pull <remote> <branch>

If you wish to set tracking information for this branch you can do so with:

    git branch --set-upstream-to=origin/<branch> master


patti@DESKTOP-H1UNS1E MINGW64 ~/documents/gitpush (master)
$ git pull origin master
From https://github.com/PAT-HURLCOKER/GitPush
 * branch            master     -> FETCH_HEAD
fatal: refusing to merge unrelated histories

patti@DESKTOP-H1UNS1E MINGW64 ~/documents/gitpush (master)
$ git merge
fatal: No remote for the current branch.

patti@DESKTOP-H1UNS1E MINGW64 ~/documents/gitpush (master)
$ git pull origin master
From https://github.com/PAT-HURLCOKER/GitPush
 * branch            master     -> FETCH_HEAD
fatal: refusing to merge unrelated histories

patti@DESKTOP-H1UNS1E MINGW64 ~/documents/gitpush (master)
$ cd ..

patti@DESKTOP-H1UNS1E MINGW64 ~/documents (master)
$ cd git

patti@DESKTOP-H1UNS1E MINGW64 ~/documents/git (master)
$ git init
Initialized empty Git repository in C:/Users/patti/documents/Git/.git/

patti@DESKTOP-H1UNS1E MINGW64 ~/documents/git (master)
$ git clone https://github.com/PAT-HURLCOKER/GitPush.git
Cloning into 'GitPush'...
remote: Counting objects: 20, done.
remote: Compressing objects: 100% (17/17), done.
remote: Total 20 (delta 0), reused 16 (delta 0), pack-reused 0
Unpacking objects: 100% (20/20), done.

patti@DESKTOP-H1UNS1E MINGW64 ~/documents/git (master)
$ cd gitpush

patti@DESKTOP-H1UNS1E MINGW64 ~/documents/git/gitpush (master)
$ git push origin master
Everything up-to-date

patti@DESKTOP-H1UNS1E MINGW64 ~/documents/git/gitpush (master)
$ cd ..

patti@DESKTOP-H1UNS1E MINGW64 ~/documents/git (master)
$ git push origin master
error: src refspec master does not match any.
error: failed to push some refs to 'origin'

patti@DESKTOP-H1UNS1E MINGW64 ~/documents/git (master)
$ cd git
bash: cd: git: No such file or directory

patti@DESKTOP-H1UNS1E MINGW64 ~/documents/git (master)
$ cd gitpush

patti@DESKTOP-H1UNS1E MINGW64 ~/documents/git/gitpush (master)
$ git add .

patti@DESKTOP-H1UNS1E MINGW64 ~/documents/git/gitpush (master)
$ git commit -m "First Commit"
[master 5de60df] First Commit
 1 file changed, 0 insertions(+), 0 deletions(-)
 create mode 100644 I win.txt

patti@DESKTOP-H1UNS1E MINGW64 ~/documents/git/gitpush (master)
$ git push
Counting objects: 3, done.
Delta compression using up to 8 threads.
Compressing objects: 100% (2/2), done.
Writing objects: 100% (3/3), 303 bytes | 303.00 KiB/s, done.
Total 3 (delta 1), reused 0 (delta 0)
remote: Resolving deltas: 100% (1/1), completed with 1 local object.
To https://github.com/PAT-HURLCOKER/GitPush.git
   b3861ec..5de60df  master -> master

patti@DESKTOP-H1UNS1E MINGW64 ~/documents/git/gitpush (master)
$ ^C

patti@DESKTOP-H1UNS1E MINGW64 ~/documents/git/gitpush (master)
$
